ARM Linker, RVCT4.0 [Build 728] [Standard]

==============================================================================

Section Cross References

    main.o(.text) refers to ffltui.o(.text) for __aeabi_ui2f
    main.o(.text) refers to fdiv.o(.text) for __aeabi_fdiv
    main.o(.text) refers to f2d.o(.text) for __aeabi_f2d
    main.o(.text) refers to dmul.o(.text) for __aeabi_dmul
    main.o(.text) refers to dadd.o(.text) for __aeabi_dadd
    main.o(.text) refers to d2f.o(.text) for __aeabi_d2f
    main.o(.text) refers to ultrasonic.o(.text) for Ultrasonic_ON
    main.o(.text) refers to fadd.o(.text) for __aeabi_fadd
    main.o(.text) refers to cfcmple.o(.text) for __aeabi_cfcmple
    main.o(.text) refers to systick.o(.text) for Delay_ms
    main.o(.text) refers to adc.o(.text) for ADC1_Init
    main.o(.text) refers to timer_count.o(.text) for Timer_Init
    main.o(.text) refers to gpio.o(.text) for GPIO_Config
    main.o(.text) refers to usart1.o(.text) for USART1_Config
    main.o(.text) refers to stm32f10x_gpio.o(.text) for GPIO_ReadInputDataBit
    main.o(.text) refers to cdcmple.o(.text) for __aeabi_cdcmple
    main.o(.text) refers to main.o(.data) for value
    main.o(.text) refers to adc.o(.data) for ADC_ConvertedValue
    main.o(.text) refers to ultrasonic.o(.data) for distance_value
    main.o(.text) refers to gpio.o(.data) for flag
    usart1.o(.text) refers to misc.o(.text) for NVIC_PriorityGroupConfig
    usart1.o(.text) refers to stm32f10x_rcc.o(.text) for RCC_APB2PeriphClockCmd
    usart1.o(.text) refers to stm32f10x_gpio.o(.text) for GPIO_Init
    usart1.o(.text) refers to stm32f10x_usart.o(.text) for USART_Init
    systick.o(.text) refers to system_stm32f10x.o(.data) for SystemCoreClock
    systick.o(.text) refers to systick.o(.data) for .data
    stm32f10x_it.o(.text) refers to systick.o(.text) for TimingDelay_Decrement
    stm32f10x_it.o(.text) refers to stm32f10x_tim.o(.text) for TIM_GetITStatus
    stm32f10x_it.o(.text) refers to gpio.o(.text) for Servo1
    stm32f10x_it.o(.text) refers to stm32f10x_usart.o(.text) for USART_GetITStatus
    stm32f10x_it.o(.text) refers to main.o(.data) for date
    stm32f10x_it.o(.text) refers to stm32f10x_it.o(.data) for i
    timer_count.o(.text) refers to misc.o(.text) for NVIC_PriorityGroupConfig
    timer_count.o(.text) refers to stm32f10x_rcc.o(.text) for RCC_APB1PeriphClockCmd
    timer_count.o(.text) refers to stm32f10x_tim.o(.text) for TIM_DeInit
    adc.o(.text) refers to stm32f10x_rcc.o(.text) for RCC_AHBPeriphClockCmd
    adc.o(.text) refers to stm32f10x_gpio.o(.text) for GPIO_Init
    adc.o(.text) refers to stm32f10x_dma.o(.text) for DMA_DeInit
    adc.o(.text) refers to stm32f10x_adc.o(.text) for ADC_Init
    adc.o(.text) refers to adc.o(.data) for ADC_ConvertedValue
    gpio.o(.text) refers to stm32f10x_rcc.o(.text) for RCC_APB2PeriphClockCmd
    gpio.o(.text) refers to stm32f10x_gpio.o(.text) for GPIO_Init
    gpio.o(.text) refers to gpio.o(.data) for PWM
    gpio.o(.text) refers to main.o(.data) for date
    gpio.o(.text) refers to gpio.o(.bss) for sdate
    ultrasonic.o(.text) refers to stm32f10x_rcc.o(.text) for RCC_APB2PeriphClockCmd
    ultrasonic.o(.text) refers to stm32f10x_gpio.o(.text) for GPIO_Init
    ultrasonic.o(.text) refers to dfltui.o(.text) for __aeabi_ui2d
    ultrasonic.o(.text) refers to dmul.o(.text) for __aeabi_dmul
    ultrasonic.o(.text) refers to ddiv.o(.text) for __aeabi_ddiv
    ultrasonic.o(.text) refers to d2f.o(.text) for __aeabi_d2f
    ultrasonic.o(.text) refers to cfrcmple.o(.text) for __aeabi_cfrcmple
    ultrasonic.o(.text) refers to systick.o(.text) for Delay_us
    ultrasonic.o(.text) refers to stm32f10x_tim.o(.text) for TIM_Cmd
    ultrasonic.o(.text) refers to ultrasonic.o(.data) for distance_value
    startup_stm32f10x_hd.o(RESET) refers to startup_stm32f10x_hd.o(STACK) for __initial_sp
    startup_stm32f10x_hd.o(RESET) refers to startup_stm32f10x_hd.o(.text) for Reset_Handler
    startup_stm32f10x_hd.o(RESET) refers to stm32f10x_it.o(.text) for NMI_Handler
    startup_stm32f10x_hd.o(.text) refers to system_stm32f10x.o(.text) for SystemInit
    startup_stm32f10x_hd.o(.text) refers to entry.o(.ARM.Collect$$$$00000000) for __main
    stm32f10x_gpio.o(.text) refers to stm32f10x_rcc.o(.text) for RCC_APB2PeriphResetCmd
    stm32f10x_rcc.o(.text) refers to stm32f10x_rcc.o(.data) for .data
    stm32f10x_usart.o(.text) refers to stm32f10x_rcc.o(.text) for RCC_APB2PeriphResetCmd
    stm32f10x_tim.o(.text) refers to stm32f10x_rcc.o(.text) for RCC_APB2PeriphResetCmd
    stm32f10x_adc.o(.text) refers to stm32f10x_rcc.o(.text) for RCC_APB2PeriphResetCmd
    system_stm32f10x.o(.text) refers to system_stm32f10x.o(.data) for SystemCoreClock
    entry.o(.ARM.Collect$$$$00000000) refers (Special) to entry7.o(.ARM.Collect$$$$00000007) for _main_init
    entry.o(.ARM.Collect$$$$00000000) refers (Special) to entry5.o(.ARM.Collect$$$$00000004) for _main_scatterload
    entry.o(.ARM.Collect$$$$00000000) refers (Special) to entry2.o(.ARM.Collect$$$$00000001) for _main_stk
    fadd.o(.text) refers (Special) to iusefp.o(.text) for __I$use$fp
    fadd.o(.text) refers to fepilogue.o(.text) for _float_epilogue
    fdiv.o(.text) refers (Special) to iusefp.o(.text) for __I$use$fp
    fdiv.o(.text) refers to fepilogue.o(.text) for _float_round
    dadd.o(.text) refers (Special) to iusefp.o(.text) for __I$use$fp
    dadd.o(.text) refers to llshl.o(.text) for __aeabi_llsl
    dadd.o(.text) refers to llsshr.o(.text) for __aeabi_lasr
    dadd.o(.text) refers to depilogue.o(.text) for _double_epilogue
    dmul.o(.text) refers (Special) to iusefp.o(.text) for __I$use$fp
    dmul.o(.text) refers to depilogue.o(.text) for _double_epilogue
    ddiv.o(.text) refers (Special) to iusefp.o(.text) for __I$use$fp
    ddiv.o(.text) refers to depilogue.o(.text) for _double_round
    ffltui.o(.text) refers (Special) to iusefp.o(.text) for __I$use$fp
    ffltui.o(.text) refers to fepilogue.o(.text) for _float_epilogue
    dfltui.o(.text) refers (Special) to iusefp.o(.text) for __I$use$fp
    dfltui.o(.text) refers to depilogue.o(.text) for _double_epilogue
    f2d.o(.text) refers (Special) to iusefp.o(.text) for __I$use$fp
    cdcmple.o(.text) refers (Special) to iusefp.o(.text) for __I$use$fp
    d2f.o(.text) refers (Special) to iusefp.o(.text) for __I$use$fp
    d2f.o(.text) refers to fepilogue.o(.text) for _float_round
    cfcmple.o(.text) refers (Special) to iusefp.o(.text) for __I$use$fp
    cfrcmple.o(.text) refers (Special) to iusefp.o(.text) for __I$use$fp
    entry2.o(.ARM.Collect$$$$00000001) refers to entry2.o(.ARM.Collect$$$$00002712) for __lit__00000000
    entry2.o(.ARM.Collect$$$$00002712) refers to startup_stm32f10x_hd.o(STACK) for __initial_sp
    entry2.o(__vectab_stack_and_reset_area) refers to startup_stm32f10x_hd.o(STACK) for __initial_sp
    entry2.o(__vectab_stack_and_reset_area) refers to entry.o(.ARM.Collect$$$$00000000) for __main
    entry5.o(.ARM.Collect$$$$00000004) refers to init.o(.text) for __scatterload
    entry7.o(.ARM.Collect$$$$00000007) refers to main.o(.text) for main
    depilogue.o(.text) refers to llshl.o(.text) for __aeabi_llsl
    depilogue.o(.text) refers to llushr.o(.text) for __aeabi_llsr
    init.o(.text) refers to entry5.o(.ARM.Collect$$$$00000004) for __main_after_scatterload


==============================================================================

Removing Unused input sections from the image.

    Removing startup_stm32f10x_hd.o(HEAP), (512 bytes).
    Removing core_cm3.o(.emb_text), (32 bytes).

2 unused section(s) (total 544 bytes) removed from the image.

==============================================================================

Image Symbol Table

    Local Symbols

    Symbol Name                              Value     Ov Type        Size  Object(Section)

    ../../../cmprslib/zerorunl2.c            0x00000000   Number         0  __dczerorl2.o ABSOLUTE
    ../../microlib/d2f.c                     0x00000000   Number         0  d2f.o ABSOLUTE
    ../../microlib/f2d.c                     0x00000000   Number         0  f2d.o ABSOLUTE
    ../../microlib/fpadd.c                   0x00000000   Number         0  dadd.o ABSOLUTE
    ../../microlib/fpadd.c                   0x00000000   Number         0  fadd.o ABSOLUTE
    ../../microlib/fpdiv.c                   0x00000000   Number         0  fdiv.o ABSOLUTE
    ../../microlib/fpdiv.c                   0x00000000   Number         0  ddiv.o ABSOLUTE
    ../../microlib/fpepilogue.c              0x00000000   Number         0  depilogue.o ABSOLUTE
    ../../microlib/fpepilogue.c              0x00000000   Number         0  fepilogue.o ABSOLUTE
    ../../microlib/fpflt.c                   0x00000000   Number         0  ffltui.o ABSOLUTE
    ../../microlib/fpflt.c                   0x00000000   Number         0  dfltui.o ABSOLUTE
    ../../microlib/fpmul.c                   0x00000000   Number         0  dmul.o ABSOLUTE
    ../../microlib/init/entry.s              0x00000000   Number         0  entry7.o ABSOLUTE
    ../../microlib/init/entry.s              0x00000000   Number         0  entry2.o ABSOLUTE
    ../../microlib/init/entry.s              0x00000000   Number         0  entry5.o ABSOLUTE
    ../../microlib/init/entry.s              0x00000000   Number         0  entry.o ABSOLUTE
    ../../microlib/longlong.c                0x00000000   Number         0  llsshr.o ABSOLUTE
    ../../microlib/longlong.c                0x00000000   Number         0  llshl.o ABSOLUTE
    ../../microlib/longlong.c                0x00000000   Number         0  llushr.o ABSOLUTE
    ../../microlib/stubs.s                   0x00000000   Number         0  iusefp.o ABSOLUTE
    ..\CMSIS\core_cm3.c                      0x00000000   Number         0  core_cm3.o ABSOLUTE
    ..\CMSIS\startup_stm32f10x_hd.s          0x00000000   Number         0  startup_stm32f10x_hd.o ABSOLUTE
    ..\CMSIS\system_stm32f10x.c              0x00000000   Number         0  system_stm32f10x.o ABSOLUTE
    ..\FWlib\src\misc.c                      0x00000000   Number         0  misc.o ABSOLUTE
    ..\FWlib\src\stm32f10x_adc.c             0x00000000   Number         0  stm32f10x_adc.o ABSOLUTE
    ..\FWlib\src\stm32f10x_dma.c             0x00000000   Number         0  stm32f10x_dma.o ABSOLUTE
    ..\FWlib\src\stm32f10x_gpio.c            0x00000000   Number         0  stm32f10x_gpio.o ABSOLUTE
    ..\FWlib\src\stm32f10x_rcc.c             0x00000000   Number         0  stm32f10x_rcc.o ABSOLUTE
    ..\FWlib\src\stm32f10x_tim.c             0x00000000   Number         0  stm32f10x_tim.o ABSOLUTE
    ..\FWlib\src\stm32f10x_usart.c           0x00000000   Number         0  stm32f10x_usart.o ABSOLUTE
    ..\\CMSIS\\core_cm3.c                    0x00000000   Number         0  core_cm3.o ABSOLUTE
    SysTick.c                                0x00000000   Number         0  systick.o ABSOLUTE
    adc.c                                    0x00000000   Number         0  adc.o ABSOLUTE
    cdcmple.s                                0x00000000   Number         0  cdcmple.o ABSOLUTE
    cfcmple.s                                0x00000000   Number         0  cfcmple.o ABSOLUTE
    cfrcmple.s                               0x00000000   Number         0  cfrcmple.o ABSOLUTE
    dc.s                                     0x00000000   Number         0  dc.o ABSOLUTE
    gpio.c                                   0x00000000   Number         0  gpio.o ABSOLUTE
    handlers.s                               0x00000000   Number         0  handlers.o ABSOLUTE
    init.s                                   0x00000000   Number         0  init.o ABSOLUTE
    main.c                                   0x00000000   Number         0  main.o ABSOLUTE
    stm32f10x_it.c                           0x00000000   Number         0  stm32f10x_it.o ABSOLUTE
    timer_count.c                            0x00000000   Number         0  timer_count.o ABSOLUTE
    ultrasonic.c                             0x00000000   Number         0  ultrasonic.o ABSOLUTE
    usart1.c                                 0x00000000   Number         0  usart1.o ABSOLUTE
    RESET                                    0x08000000   Section      304  startup_stm32f10x_hd.o(RESET)
    .ARM.Collect$$$$00000000                 0x08000130   Section        0  entry.o(.ARM.Collect$$$$00000000)
    .ARM.Collect$$$$00000001                 0x08000130   Section        4  entry2.o(.ARM.Collect$$$$00000001)
    .ARM.Collect$$$$00000004                 0x08000134   Section        4  entry5.o(.ARM.Collect$$$$00000004)
    .ARM.Collect$$$$00000007                 0x08000138   Section        8  entry7.o(.ARM.Collect$$$$00000007)
    .ARM.Collect$$$$00002712                 0x08000140   Section        4  entry2.o(.ARM.Collect$$$$00002712)
    __lit__00000000                          0x08000140   Data           4  entry2.o(.ARM.Collect$$$$00002712)
    .text                                    0x08000144   Section        0  main.o(.text)
    .text                                    0x08000378   Section        0  usart1.o(.text)
    itoa                                     0x080004b9   Thumb Code    94  usart1.o(.text)
    .text                                    0x0800062c   Section        0  systick.o(.text)
    .text                                    0x08000720   Section        0  stm32f10x_it.o(.text)
    .text                                    0x080007fc   Section        0  timer_count.o(.text)
    .text                                    0x08000a44   Section        0  adc.o(.text)
    ADC1_GPIO_Config                         0x08000a45   Thumb Code    42  adc.o(.text)
    ADC1_Mode_Config                         0x08000a6f   Thumb Code   210  adc.o(.text)
    .text                                    0x08000b5c   Section        0  gpio.o(.text)
    .text                                    0x0800239c   Section        0  ultrasonic.o(.text)
    .text                                    0x080024a8   Section       36  startup_stm32f10x_hd.o(.text)
    .text                                    0x080024cc   Section        0  stm32f10x_gpio.o(.text)
    .text                                    0x08002818   Section        0  stm32f10x_rcc.o(.text)
    .text                                    0x08002bac   Section        0  stm32f10x_usart.o(.text)
    .text                                    0x08002fb4   Section        0  misc.o(.text)
    .text                                    0x080030ac   Section        0  stm32f10x_tim.o(.text)
    TI4_Config                               0x08003535   Thumb Code   114  stm32f10x_tim.o(.text)
    TI3_Config                               0x080035b9   Thumb Code   110  stm32f10x_tim.o(.text)
    TI2_Config                               0x0800363d   Thumb Code   114  stm32f10x_tim.o(.text)
    TI1_Config                               0x080036c1   Thumb Code   102  stm32f10x_tim.o(.text)
    .text                                    0x08003e10   Section        0  stm32f10x_adc.o(.text)
    .text                                    0x08004244   Section        0  stm32f10x_dma.o(.text)
    .text                                    0x0800448c   Section        0  system_stm32f10x.o(.text)
    SetSysClockTo72                          0x0800448d   Thumb Code   192  system_stm32f10x.o(.text)
    SetSysClock                              0x0800454d   Thumb Code     8  system_stm32f10x.o(.text)
    .text                                    0x08004654   Section        0  fadd.o(.text)
    .text                                    0x08004704   Section        0  fdiv.o(.text)
    .text                                    0x08004784   Section        0  dadd.o(.text)
    .text                                    0x080048e2   Section        0  dmul.o(.text)
    .text                                    0x080049d2   Section        0  ddiv.o(.text)
    .text                                    0x08004aea   Section        0  ffltui.o(.text)
    .text                                    0x08004af4   Section        0  dfltui.o(.text)
    .text                                    0x08004b0e   Section        0  f2d.o(.text)
    .text                                    0x08004b34   Section       76  cdcmple.o(.text)
    .text                                    0x08004b80   Section        0  d2f.o(.text)
    .text                                    0x08004bc0   Section       20  cfcmple.o(.text)
    .text                                    0x08004bd4   Section       20  cfrcmple.o(.text)
    .text                                    0x08004be8   Section        0  llshl.o(.text)
    .text                                    0x08004c08   Section        0  llsshr.o(.text)
    .text                                    0x08004c2a   Section        0  fepilogue.o(.text)
    .text                                    0x08004c2a   Section        0  iusefp.o(.text)
    .text                                    0x08004c98   Section        0  depilogue.o(.text)
    .text                                    0x08004d84   Section       36  init.o(.text)
    .text                                    0x08004da8   Section        0  llushr.o(.text)
    .text                                    0x08004dc6   Section        0  __dczerorl2.o(.text)
    i.__scatterload_copy                     0x08004e24   Section       14  handlers.o(i.__scatterload_copy)
    i.__scatterload_null                     0x08004e32   Section        2  handlers.o(i.__scatterload_null)
    i.__scatterload_zeroinit                 0x08004e34   Section       14  handlers.o(i.__scatterload_zeroinit)
    .data                                    0x20000000   Section       16  main.o(.data)
    .data                                    0x20000010   Section        8  systick.o(.data)
    TimingDelay                              0x20000014   Data           4  systick.o(.data)
    .data                                    0x20000018   Section        1  stm32f10x_it.o(.data)
    .data                                    0x2000001a   Section        2  adc.o(.data)
    .data                                    0x2000001c   Section      809  gpio.o(.data)
    .data                                    0x20000348   Section        4  ultrasonic.o(.data)
    .data                                    0x2000034c   Section       20  stm32f10x_rcc.o(.data)
    APBAHBPrescTable                         0x2000034c   Data          16  stm32f10x_rcc.o(.data)
    ADCPrescTable                            0x2000035c   Data           4  stm32f10x_rcc.o(.data)
    .data                                    0x20000360   Section       20  system_stm32f10x.o(.data)
    .bss                                     0x20000374   Section       96  gpio.o(.bss)
    STACK                                    0x200003d8   Section     1024  startup_stm32f10x_hd.o(STACK)

    Global Symbols

    Symbol Name                              Value     Ov Type        Size  Object(Section)

    BuildAttributes$$THM_ISAv4$P$D$K$B$S$PE$A:L22UL41UL21$X:L11$S22US41US21$IEEE1$IW$USESV6$~STKCKD$USESV7$~SHL$OTIME$ROPI$EBA8$MICROLIB$REQ8$PRES8$EABIv2 0x00000000   Number         0  anon$$obj.o ABSOLUTE
    __ARM_use_no_argv                        0x00000000   Number         0  main.o ABSOLUTE
    __Vectors_Size                           0x00000130   Number         0  startup_stm32f10x_hd.o ABSOLUTE
    __Vectors                                0x08000000   Data           4  startup_stm32f10x_hd.o(RESET)
    __Vectors_End                            0x08000130   Data           0  startup_stm32f10x_hd.o(RESET)
    __main                                   0x08000131   Thumb Code     0  entry.o(.ARM.Collect$$$$00000000)
    _main_stk                                0x08000131   Thumb Code     0  entry2.o(.ARM.Collect$$$$00000001)
    _main_scatterload                        0x08000135   Thumb Code     0  entry5.o(.ARM.Collect$$$$00000004)
    __main_after_scatterload                 0x08000139   Thumb Code     0  entry5.o(.ARM.Collect$$$$00000004)
    _main_init                               0x08000139   Thumb Code     0  entry7.o(.ARM.Collect$$$$00000007)
    Power_Data                               0x08000145   Thumb Code   144  main.o(.text)
    Power_Value                              0x080001d5   Thumb Code   114  main.o(.text)
    Avoid_Obstacle                           0x08000247   Thumb Code    96  main.o(.text)
    main                                     0x080002a7   Thumb Code   148  main.o(.text)
    NVIC_Configuration                       0x08000379   Thumb Code    40  usart1.o(.text)
    USART1_Config                            0x080003a1   Thumb Code   130  usart1.o(.text)
    USART3_Config                            0x08000423   Thumb Code   120  usart1.o(.text)
    fputc                                    0x0800049b   Thumb Code    30  usart1.o(.text)
    USART1_printf                            0x08000517   Thumb Code   262  usart1.o(.text)
    SysTick_Init                             0x0800062d   Thumb Code   102  systick.o(.text)
    Delay_us                                 0x08000693   Thumb Code    48  systick.o(.text)
    Delay_ms                                 0x080006c3   Thumb Code    54  systick.o(.text)
    TimingDelay_Decrement                    0x080006f9   Thumb Code    18  systick.o(.text)
    NMI_Handler                              0x08000721   Thumb Code     2  stm32f10x_it.o(.text)
    HardFault_Handler                        0x08000723   Thumb Code     4  stm32f10x_it.o(.text)
    MemManage_Handler                        0x08000727   Thumb Code     4  stm32f10x_it.o(.text)
    BusFault_Handler                         0x0800072b   Thumb Code     4  stm32f10x_it.o(.text)
    UsageFault_Handler                       0x0800072f   Thumb Code     4  stm32f10x_it.o(.text)
    SVC_Handler                              0x08000733   Thumb Code     2  stm32f10x_it.o(.text)
    DebugMon_Handler                         0x08000735   Thumb Code     2  stm32f10x_it.o(.text)
    PendSV_Handler                           0x08000737   Thumb Code     2  stm32f10x_it.o(.text)
    SysTick_Handler                          0x08000739   Thumb Code     8  stm32f10x_it.o(.text)
    TIM2_IRQHandler                          0x08000741   Thumb Code    26  stm32f10x_it.o(.text)
    TIM3_IRQHandler                          0x0800075b   Thumb Code    26  stm32f10x_it.o(.text)
    TIM4_IRQHandler                          0x08000775   Thumb Code    26  stm32f10x_it.o(.text)
    TIM5_IRQHandler                          0x0800078f   Thumb Code    22  stm32f10x_it.o(.text)
    USART1_IRQHandler                        0x080007a5   Thumb Code    60  stm32f10x_it.o(.text)
    TIM2_NVIC_Configuration                  0x080007fd   Thumb Code    40  timer_count.o(.text)
    TIM3_NVIC_Configuration                  0x08000825   Thumb Code    42  timer_count.o(.text)
    TIM4_NVIC_Configuration                  0x0800084f   Thumb Code    42  timer_count.o(.text)
    TIM5_NVIC_Configuration                  0x08000879   Thumb Code    42  timer_count.o(.text)
    TIM2_Configuration                       0x080008a3   Thumb Code    82  timer_count.o(.text)
    TIM3_Configuration                       0x080008f5   Thumb Code    76  timer_count.o(.text)
    TIM4_Configuration                       0x08000941   Thumb Code    76  timer_count.o(.text)
    TIM5_Configuration                       0x0800098d   Thumb Code    76  timer_count.o(.text)
    Timer_Init                               0x080009d9   Thumb Code    36  timer_count.o(.text)
    Timer_ON                                 0x080009fd   Thumb Code    28  timer_count.o(.text)
    Timer_OFF                                0x08000a19   Thumb Code    30  timer_count.o(.text)
    ADC1_Init                                0x08000b41   Thumb Code    12  adc.o(.text)
    GPIO_Config                              0x08000b5d   Thumb Code   176  gpio.o(.text)
    First_Leg                                0x08000c0d   Thumb Code    10  gpio.o(.text)
    Second_Leg                               0x08000c17   Thumb Code    10  gpio.o(.text)
    Third_Leg                                0x08000c21   Thumb Code    10  gpio.o(.text)
    Fourth_Leg                               0x08000c2b   Thumb Code    10  gpio.o(.text)
    Fifth_Leg                                0x08000c35   Thumb Code    10  gpio.o(.text)
    Sixth_Leg                                0x08000c3f   Thumb Code    10  gpio.o(.text)
    Servo_Swing                              0x08000c49   Thumb Code     6  gpio.o(.text)
    Stand                                    0x08000c4f   Thumb Code   110  gpio.o(.text)
    Right_Tynanize                           0x08000cbd   Thumb Code   406  gpio.o(.text)
    Left_Tynanize                            0x08000e53   Thumb Code   464  gpio.o(.text)
    Turn_Right                               0x08001023   Thumb Code   354  gpio.o(.text)
    Turn_Left                                0x08001185   Thumb Code   354  gpio.o(.text)
    Draw_Back                                0x080012e7   Thumb Code   386  gpio.o(.text)
    Forward                                  0x08001469   Thumb Code   354  gpio.o(.text)
    Control_Action                           0x080015cb   Thumb Code   112  gpio.o(.text)
    Update                                   0x0800163b   Thumb Code   196  gpio.o(.text)
    Decode_One                               0x080016ff   Thumb Code   338  gpio.o(.text)
    Decode_Two                               0x08001851   Thumb Code   282  gpio.o(.text)
    Decode_Three                             0x0800196b   Thumb Code   282  gpio.o(.text)
    Date_Calculate_One                       0x08001a85   Thumb Code   276  gpio.o(.text)
    Date_Calculate_Two                       0x08001b99   Thumb Code   310  gpio.o(.text)
    Date_Calculate_Three                     0x08001ccf   Thumb Code   276  gpio.o(.text)
    Flip_GPIO_One                            0x08001de3   Thumb Code   394  gpio.o(.text)
    Flip_GPIO_Two                            0x08001f6d   Thumb Code   444  gpio.o(.text)
    Flip_GPIO_Three                          0x08002129   Thumb Code   410  gpio.o(.text)
    Servo1                                   0x080022c3   Thumb Code    58  gpio.o(.text)
    Servo2                                   0x080022fd   Thumb Code    58  gpio.o(.text)
    Servo3                                   0x08002337   Thumb Code    58  gpio.o(.text)
    Ultrasonic_Config                        0x0800239d   Thumb Code    62  ultrasonic.o(.text)
    Distance_Count                           0x080023db   Thumb Code    80  ultrasonic.o(.text)
    Ultrasonic_ON                            0x0800242b   Thumb Code    92  ultrasonic.o(.text)
    Reset_Handler                            0x080024a9   Thumb Code     8  startup_stm32f10x_hd.o(.text)
    ADC1_2_IRQHandler                        0x080024c3   Thumb Code     0  startup_stm32f10x_hd.o(.text)
    ADC3_IRQHandler                          0x080024c3   Thumb Code     0  startup_stm32f10x_hd.o(.text)
    CAN1_RX1_IRQHandler                      0x080024c3   Thumb Code     0  startup_stm32f10x_hd.o(.text)
    CAN1_SCE_IRQHandler                      0x080024c3   Thumb Code     0  startup_stm32f10x_hd.o(.text)
    DMA1_Channel1_IRQHandler                 0x080024c3   Thumb Code     0  startup_stm32f10x_hd.o(.text)
    DMA1_Channel2_IRQHandler                 0x080024c3   Thumb Code     0  startup_stm32f10x_hd.o(.text)
    DMA1_Channel3_IRQHandler                 0x080024c3   Thumb Code     0  startup_stm32f10x_hd.o(.text)
    DMA1_Channel4_IRQHandler                 0x080024c3   Thumb Code     0  startup_stm32f10x_hd.o(.text)
    DMA1_Channel5_IRQHandler                 0x080024c3   Thumb Code     0  startup_stm32f10x_hd.o(.text)
    DMA1_Channel6_IRQHandler                 0x080024c3   Thumb Code     0  startup_stm32f10x_hd.o(.text)
    DMA1_Channel7_IRQHandler                 0x080024c3   Thumb Code     0  startup_stm32f10x_hd.o(.text)
    DMA2_Channel1_IRQHandler                 0x080024c3   Thumb Code     0  startup_stm32f10x_hd.o(.text)
    DMA2_Channel2_IRQHandler                 0x080024c3   Thumb Code     0  startup_stm32f10x_hd.o(.text)
    DMA2_Channel3_IRQHandler                 0x080024c3   Thumb Code     0  startup_stm32f10x_hd.o(.text)
    DMA2_Channel4_5_IRQHandler               0x080024c3   Thumb Code     0  startup_stm32f10x_hd.o(.text)
    EXTI0_IRQHandler                         0x080024c3   Thumb Code     0  startup_stm32f10x_hd.o(.text)
    EXTI15_10_IRQHandler                     0x080024c3   Thumb Code     0  startup_stm32f10x_hd.o(.text)
    EXTI1_IRQHandler                         0x080024c3   Thumb Code     0  startup_stm32f10x_hd.o(.text)
    EXTI2_IRQHandler                         0x080024c3   Thumb Code     0  startup_stm32f10x_hd.o(.text)
    EXTI3_IRQHandler                         0x080024c3   Thumb Code     0  startup_stm32f10x_hd.o(.text)
    EXTI4_IRQHandler                         0x080024c3   Thumb Code     0  startup_stm32f10x_hd.o(.text)
    EXTI9_5_IRQHandler                       0x080024c3   Thumb Code     0  startup_stm32f10x_hd.o(.text)
    FLASH_IRQHandler                         0x080024c3   Thumb Code     0  startup_stm32f10x_hd.o(.text)
    FSMC_IRQHandler                          0x080024c3   Thumb Code     0  startup_stm32f10x_hd.o(.text)
    I2C1_ER_IRQHandler                       0x080024c3   Thumb Code     0  startup_stm32f10x_hd.o(.text)
    I2C1_EV_IRQHandler                       0x080024c3   Thumb Code     0  startup_stm32f10x_hd.o(.text)
    I2C2_ER_IRQHandler                       0x080024c3   Thumb Code     0  startup_stm32f10x_hd.o(.text)
    I2C2_EV_IRQHandler                       0x080024c3   Thumb Code     0  startup_stm32f10x_hd.o(.text)
    PVD_IRQHandler                           0x080024c3   Thumb Code     0  startup_stm32f10x_hd.o(.text)
    RCC_IRQHandler                           0x080024c3   Thumb Code     0  startup_stm32f10x_hd.o(.text)
    RTCAlarm_IRQHandler                      0x080024c3   Thumb Code     0  startup_stm32f10x_hd.o(.text)
    RTC_IRQHandler                           0x080024c3   Thumb Code     0  startup_stm32f10x_hd.o(.text)
    SDIO_IRQHandler                          0x080024c3   Thumb Code     0  startup_stm32f10x_hd.o(.text)
    SPI1_IRQHandler                          0x080024c3   Thumb Code     0  startup_stm32f10x_hd.o(.text)
    SPI2_IRQHandler                          0x080024c3   Thumb Code     0  startup_stm32f10x_hd.o(.text)
    SPI3_IRQHandler                          0x080024c3   Thumb Code     0  startup_stm32f10x_hd.o(.text)
    TAMPER_IRQHandler                        0x080024c3   Thumb Code     0  startup_stm32f10x_hd.o(.text)
    TIM1_BRK_IRQHandler                      0x080024c3   Thumb Code     0  startup_stm32f10x_hd.o(.text)
    TIM1_CC_IRQHandler                       0x080024c3   Thumb Code     0  startup_stm32f10x_hd.o(.text)
    TIM1_TRG_COM_IRQHandler                  0x080024c3   Thumb Code     0  startup_stm32f10x_hd.o(.text)
    TIM1_UP_IRQHandler                       0x080024c3   Thumb Code     0  startup_stm32f10x_hd.o(.text)
    TIM6_IRQHandler                          0x080024c3   Thumb Code     0  startup_stm32f10x_hd.o(.text)
    TIM7_IRQHandler                          0x080024c3   Thumb Code     0  startup_stm32f10x_hd.o(.text)
    TIM8_BRK_IRQHandler                      0x080024c3   Thumb Code     0  startup_stm32f10x_hd.o(.text)
    TIM8_CC_IRQHandler                       0x080024c3   Thumb Code     0  startup_stm32f10x_hd.o(.text)
    TIM8_TRG_COM_IRQHandler                  0x080024c3   Thumb Code     0  startup_stm32f10x_hd.o(.text)
    TIM8_UP_IRQHandler                       0x080024c3   Thumb Code     0  startup_stm32f10x_hd.o(.text)
    UART4_IRQHandler                         0x080024c3   Thumb Code     0  startup_stm32f10x_hd.o(.text)
    UART5_IRQHandler                         0x080024c3   Thumb Code     0  startup_stm32f10x_hd.o(.text)
    USART2_IRQHandler                        0x080024c3   Thumb Code     0  startup_stm32f10x_hd.o(.text)
    USART3_IRQHandler                        0x080024c3   Thumb Code     0  startup_stm32f10x_hd.o(.text)
    USBWakeUp_IRQHandler                     0x080024c3   Thumb Code     0  startup_stm32f10x_hd.o(.text)
    USB_HP_CAN1_TX_IRQHandler                0x080024c3   Thumb Code     0  startup_stm32f10x_hd.o(.text)
    USB_LP_CAN1_RX0_IRQHandler               0x080024c3   Thumb Code     0  startup_stm32f10x_hd.o(.text)
    WWDG_IRQHandler                          0x080024c3   Thumb Code     0  startup_stm32f10x_hd.o(.text)
    GPIO_DeInit                              0x080024cd   Thumb Code   172  stm32f10x_gpio.o(.text)
    GPIO_AFIODeInit                          0x08002579   Thumb Code    20  stm32f10x_gpio.o(.text)
    GPIO_Init                                0x0800258d   Thumb Code   272  stm32f10x_gpio.o(.text)
    GPIO_StructInit                          0x0800269d   Thumb Code    16  stm32f10x_gpio.o(.text)
    GPIO_ReadInputDataBit                    0x080026ad   Thumb Code    18  stm32f10x_gpio.o(.text)
    GPIO_ReadInputData                       0x080026bf   Thumb Code     8  stm32f10x_gpio.o(.text)
    GPIO_ReadOutputDataBit                   0x080026c7   Thumb Code    18  stm32f10x_gpio.o(.text)
    GPIO_ReadOutputData                      0x080026d9   Thumb Code     8  stm32f10x_gpio.o(.text)
    GPIO_SetBits                             0x080026e1   Thumb Code     4  stm32f10x_gpio.o(.text)
    GPIO_ResetBits                           0x080026e5   Thumb Code     4  stm32f10x_gpio.o(.text)
    GPIO_WriteBit                            0x080026e9   Thumb Code    10  stm32f10x_gpio.o(.text)
    GPIO_Write                               0x080026f3   Thumb Code     4  stm32f10x_gpio.o(.text)
    GPIO_PinLockConfig                       0x080026f7   Thumb Code    18  stm32f10x_gpio.o(.text)
    GPIO_EventOutputConfig                   0x08002709   Thumb Code    24  stm32f10x_gpio.o(.text)
    GPIO_EventOutputCmd                      0x08002721   Thumb Code     6  stm32f10x_gpio.o(.text)
    GPIO_PinRemapConfig                      0x08002727   Thumb Code   136  stm32f10x_gpio.o(.text)
    GPIO_EXTILineConfig                      0x080027af   Thumb Code    60  stm32f10x_gpio.o(.text)
    GPIO_ETH_MediaInterfaceConfig            0x080027eb   Thumb Code     6  stm32f10x_gpio.o(.text)
    RCC_DeInit                               0x08002819   Thumb Code    64  stm32f10x_rcc.o(.text)
    RCC_HSEConfig                            0x08002859   Thumb Code    70  stm32f10x_rcc.o(.text)
    RCC_GetFlagStatus                        0x0800289f   Thumb Code    56  stm32f10x_rcc.o(.text)
    RCC_WaitForHSEStartUp                    0x080028d7   Thumb Code    48  stm32f10x_rcc.o(.text)
    RCC_AdjustHSICalibrationValue            0x08002907   Thumb Code    18  stm32f10x_rcc.o(.text)
    RCC_HSICmd                               0x08002919   Thumb Code     6  stm32f10x_rcc.o(.text)
    RCC_PLLConfig                            0x0800291f   Thumb Code    22  stm32f10x_rcc.o(.text)
    RCC_PLLCmd                               0x08002935   Thumb Code     6  stm32f10x_rcc.o(.text)
    RCC_SYSCLKConfig                         0x0800293b   Thumb Code    16  stm32f10x_rcc.o(.text)
    RCC_GetSYSCLKSource                      0x0800294b   Thumb Code    10  stm32f10x_rcc.o(.text)
    RCC_HCLKConfig                           0x08002955   Thumb Code    16  stm32f10x_rcc.o(.text)
    RCC_PCLK1Config                          0x08002965   Thumb Code    16  stm32f10x_rcc.o(.text)
    RCC_PCLK2Config                          0x08002975   Thumb Code    18  stm32f10x_rcc.o(.text)
    RCC_ITConfig                             0x08002987   Thumb Code    30  stm32f10x_rcc.o(.text)
    RCC_USBCLKConfig                         0x080029a5   Thumb Code     6  stm32f10x_rcc.o(.text)
    RCC_ADCCLKConfig                         0x080029ab   Thumb Code    16  stm32f10x_rcc.o(.text)
    RCC_LSEConfig                            0x080029bb   Thumb Code    44  stm32f10x_rcc.o(.text)
    RCC_LSICmd                               0x080029e7   Thumb Code     6  stm32f10x_rcc.o(.text)
    RCC_RTCCLKConfig                         0x080029ed   Thumb Code    12  stm32f10x_rcc.o(.text)
    RCC_RTCCLKCmd                            0x080029f9   Thumb Code     6  stm32f10x_rcc.o(.text)
    RCC_GetClocksFreq                        0x080029ff   Thumb Code   194  stm32f10x_rcc.o(.text)
    RCC_AHBPeriphClockCmd                    0x08002ac1   Thumb Code    26  stm32f10x_rcc.o(.text)
    RCC_APB2PeriphClockCmd                   0x08002adb   Thumb Code    26  stm32f10x_rcc.o(.text)
    RCC_APB1PeriphClockCmd                   0x08002af5   Thumb Code    26  stm32f10x_rcc.o(.text)
    RCC_APB2PeriphResetCmd                   0x08002b0f   Thumb Code    26  stm32f10x_rcc.o(.text)
    RCC_APB1PeriphResetCmd                   0x08002b29   Thumb Code    26  stm32f10x_rcc.o(.text)
    RCC_BackupResetCmd                       0x08002b43   Thumb Code     6  stm32f10x_rcc.o(.text)
    RCC_ClockSecuritySystemCmd               0x08002b49   Thumb Code     6  stm32f10x_rcc.o(.text)
    RCC_MCOConfig                            0x08002b4f   Thumb Code     6  stm32f10x_rcc.o(.text)
    RCC_ClearFlag                            0x08002b55   Thumb Code    14  stm32f10x_rcc.o(.text)
    RCC_GetITStatus                          0x08002b63   Thumb Code    20  stm32f10x_rcc.o(.text)
    RCC_ClearITPendingBit                    0x08002b77   Thumb Code     6  stm32f10x_rcc.o(.text)
    USART_DeInit                             0x08002bad   Thumb Code   134  stm32f10x_usart.o(.text)
    USART_Init                               0x08002c33   Thumb Code   210  stm32f10x_usart.o(.text)
    USART_StructInit                         0x08002d05   Thumb Code    24  stm32f10x_usart.o(.text)
    USART_ClockInit                          0x08002d1d   Thumb Code    32  stm32f10x_usart.o(.text)
    USART_ClockStructInit                    0x08002d3d   Thumb Code    12  stm32f10x_usart.o(.text)
    USART_Cmd                                0x08002d49   Thumb Code    24  stm32f10x_usart.o(.text)
    USART_ITConfig                           0x08002d61   Thumb Code    72  stm32f10x_usart.o(.text)
    USART_DMACmd                             0x08002da9   Thumb Code    24  stm32f10x_usart.o(.text)
    USART_SetAddress                         0x08002dc1   Thumb Code    18  stm32f10x_usart.o(.text)
    USART_WakeUpConfig                       0x08002dd3   Thumb Code    18  stm32f10x_usart.o(.text)
    USART_ReceiverWakeUpCmd                  0x08002de5   Thumb Code    24  stm32f10x_usart.o(.text)
    USART_LINBreakDetectLengthConfig         0x08002dfd   Thumb Code    18  stm32f10x_usart.o(.text)
    USART_LINCmd                             0x08002e0f   Thumb Code    24  stm32f10x_usart.o(.text)
    USART_SendData                           0x08002e27   Thumb Code     8  stm32f10x_usart.o(.text)
    USART_ReceiveData                        0x08002e2f   Thumb Code    10  stm32f10x_usart.o(.text)
    USART_SendBreak                          0x08002e39   Thumb Code    10  stm32f10x_usart.o(.text)
    USART_SetGuardTime                       0x08002e43   Thumb Code    16  stm32f10x_usart.o(.text)
    USART_SetPrescaler                       0x08002e53   Thumb Code    16  stm32f10x_usart.o(.text)
    USART_SmartCardCmd                       0x08002e63   Thumb Code    24  stm32f10x_usart.o(.text)
    USART_SmartCardNACKCmd                   0x08002e7b   Thumb Code    24  stm32f10x_usart.o(.text)
    USART_HalfDuplexCmd                      0x08002e93   Thumb Code    24  stm32f10x_usart.o(.text)
    USART_OverSampling8Cmd                   0x08002eab   Thumb Code    22  stm32f10x_usart.o(.text)
    USART_OneBitMethodCmd                    0x08002ec1   Thumb Code    24  stm32f10x_usart.o(.text)
    USART_IrDAConfig                         0x08002ed9   Thumb Code    18  stm32f10x_usart.o(.text)
    USART_IrDACmd                            0x08002eeb   Thumb Code    24  stm32f10x_usart.o(.text)
    USART_GetFlagStatus                      0x08002f03   Thumb Code    26  stm32f10x_usart.o(.text)
    USART_ClearFlag                          0x08002f1d   Thumb Code    18  stm32f10x_usart.o(.text)
    USART_GetITStatus                        0x08002f2f   Thumb Code    84  stm32f10x_usart.o(.text)
    USART_ClearITPendingBit                  0x08002f83   Thumb Code    50  stm32f10x_usart.o(.text)
    NVIC_PriorityGroupConfig                 0x08002fb5   Thumb Code    10  misc.o(.text)
    NVIC_Init                                0x08002fbf   Thumb Code   118  misc.o(.text)
    NVIC_SetVectorTable                      0x08003035   Thumb Code    12  misc.o(.text)
    NVIC_SystemLPConfig                      0x08003041   Thumb Code    38  misc.o(.text)
    SysTick_CLKSourceConfig                  0x08003067   Thumb Code    40  misc.o(.text)
    TIM_DeInit                               0x080030ad   Thumb Code   424  stm32f10x_tim.o(.text)
    TIM_TimeBaseInit                         0x08003255   Thumb Code   122  stm32f10x_tim.o(.text)
    TIM_OC1Init                              0x080032cf   Thumb Code   132  stm32f10x_tim.o(.text)
    TIM_OC2Init                              0x08003353   Thumb Code   146  stm32f10x_tim.o(.text)
    TIM_OC3Init                              0x080033e5   Thumb Code   142  stm32f10x_tim.o(.text)
    TIM_OC4Init                              0x08003473   Thumb Code   172  stm32f10x_tim.o(.text)
    TIM_SetIC4Prescaler                      0x0800351f   Thumb Code    22  stm32f10x_tim.o(.text)
    TIM_SetIC3Prescaler                      0x080035a7   Thumb Code    18  stm32f10x_tim.o(.text)
    TIM_SetIC2Prescaler                      0x08003627   Thumb Code    22  stm32f10x_tim.o(.text)
    TIM_SetIC1Prescaler                      0x080036af   Thumb Code    18  stm32f10x_tim.o(.text)
    TIM_ICInit                               0x08003727   Thumb Code   150  stm32f10x_tim.o(.text)
    TIM_PWMIConfig                           0x080037bd   Thumb Code   124  stm32f10x_tim.o(.text)
    TIM_BDTRConfig                           0x08003839   Thumb Code    32  stm32f10x_tim.o(.text)
    TIM_TimeBaseStructInit                   0x08003859   Thumb Code    18  stm32f10x_tim.o(.text)
    TIM_OCStructInit                         0x0800386b   Thumb Code    20  stm32f10x_tim.o(.text)
    TIM_ICStructInit                         0x0800387f   Thumb Code    18  stm32f10x_tim.o(.text)
    TIM_BDTRStructInit                       0x08003891   Thumb Code    18  stm32f10x_tim.o(.text)
    TIM_Cmd                                  0x080038a3   Thumb Code    24  stm32f10x_tim.o(.text)
    TIM_CtrlPWMOutputs                       0x080038bb   Thumb Code    50  stm32f10x_tim.o(.text)
    TIM_ITConfig                             0x080038ed   Thumb Code    24  stm32f10x_tim.o(.text)
    TIM_GenerateEvent                        0x08003905   Thumb Code     4  stm32f10x_tim.o(.text)
    TIM_DMAConfig                            0x08003909   Thumb Code    10  stm32f10x_tim.o(.text)
    TIM_DMACmd                               0x08003913   Thumb Code    24  stm32f10x_tim.o(.text)
    TIM_InternalClockConfig                  0x0800392b   Thumb Code    12  stm32f10x_tim.o(.text)
    TIM_SelectInputTrigger                   0x08003937   Thumb Code    16  stm32f10x_tim.o(.text)
    TIM_ITRxExternalClockConfig              0x08003947   Thumb Code    24  stm32f10x_tim.o(.text)
    TIM_TIxExternalClockConfig               0x0800395f   Thumb Code    62  stm32f10x_tim.o(.text)
    TIM_ETRConfig                            0x0800399d   Thumb Code    22  stm32f10x_tim.o(.text)
    TIM_ETRClockMode1Config                  0x080039b3   Thumb Code    54  stm32f10x_tim.o(.text)
    TIM_ETRClockMode2Config                  0x080039e9   Thumb Code    32  stm32f10x_tim.o(.text)
    TIM_PrescalerConfig                      0x08003a09   Thumb Code     6  stm32f10x_tim.o(.text)
    TIM_CounterModeConfig                    0x08003a0f   Thumb Code    16  stm32f10x_tim.o(.text)
    TIM_EncoderInterfaceConfig               0x08003a1f   Thumb Code    56  stm32f10x_tim.o(.text)
    TIM_ForcedOC1Config                      0x08003a57   Thumb Code    16  stm32f10x_tim.o(.text)
    TIM_ForcedOC2Config                      0x08003a67   Thumb Code    20  stm32f10x_tim.o(.text)
    TIM_ForcedOC3Config                      0x08003a7b   Thumb Code    16  stm32f10x_tim.o(.text)
    TIM_ForcedOC4Config                      0x08003a8b   Thumb Code    20  stm32f10x_tim.o(.text)
    TIM_ARRPreloadConfig                     0x08003a9f   Thumb Code    24  stm32f10x_tim.o(.text)
    TIM_SelectCOM                            0x08003ab7   Thumb Code    24  stm32f10x_tim.o(.text)
    TIM_SelectCCDMA                          0x08003acf   Thumb Code    24  stm32f10x_tim.o(.text)
    TIM_CCPreloadControl                     0x08003ae7   Thumb Code    24  stm32f10x_tim.o(.text)
    TIM_OC1PreloadConfig                     0x08003aff   Thumb Code    16  stm32f10x_tim.o(.text)
    TIM_OC2PreloadConfig                     0x08003b0f   Thumb Code    20  stm32f10x_tim.o(.text)
    TIM_OC3PreloadConfig                     0x08003b23   Thumb Code    16  stm32f10x_tim.o(.text)
    TIM_OC4PreloadConfig                     0x08003b33   Thumb Code    20  stm32f10x_tim.o(.text)
    TIM_OC1FastConfig                        0x08003b47   Thumb Code    16  stm32f10x_tim.o(.text)
    TIM_OC2FastConfig                        0x08003b57   Thumb Code    20  stm32f10x_tim.o(.text)
    TIM_OC3FastConfig                        0x08003b6b   Thumb Code    16  stm32f10x_tim.o(.text)
    TIM_OC4FastConfig                        0x08003b7b   Thumb Code    20  stm32f10x_tim.o(.text)
    TIM_ClearOC1Ref                          0x08003b8f   Thumb Code    16  stm32f10x_tim.o(.text)
    TIM_ClearOC2Ref                          0x08003b9f   Thumb Code    18  stm32f10x_tim.o(.text)
    TIM_ClearOC3Ref                          0x08003bb1   Thumb Code    16  stm32f10x_tim.o(.text)
    TIM_ClearOC4Ref                          0x08003bc1   Thumb Code    18  stm32f10x_tim.o(.text)
    TIM_OC1PolarityConfig                    0x08003bd3   Thumb Code    16  stm32f10x_tim.o(.text)
    TIM_OC1NPolarityConfig                   0x08003be3   Thumb Code    16  stm32f10x_tim.o(.text)
    TIM_OC2PolarityConfig                    0x08003bf3   Thumb Code    20  stm32f10x_tim.o(.text)
    TIM_OC2NPolarityConfig                   0x08003c07   Thumb Code    20  stm32f10x_tim.o(.text)
    TIM_OC3PolarityConfig                    0x08003c1b   Thumb Code    20  stm32f10x_tim.o(.text)
    TIM_OC3NPolarityConfig                   0x08003c2f   Thumb Code    20  stm32f10x_tim.o(.text)
    TIM_OC4PolarityConfig                    0x08003c43   Thumb Code    20  stm32f10x_tim.o(.text)
    TIM_CCxCmd                               0x08003c57   Thumb Code    34  stm32f10x_tim.o(.text)
    TIM_CCxNCmd                              0x08003c79   Thumb Code    34  stm32f10x_tim.o(.text)
    TIM_SelectOCxM                           0x08003c9b   Thumb Code    82  stm32f10x_tim.o(.text)
    TIM_UpdateDisableConfig                  0x08003ced   Thumb Code    24  stm32f10x_tim.o(.text)
    TIM_UpdateRequestConfig                  0x08003d05   Thumb Code    24  stm32f10x_tim.o(.text)
    TIM_SelectHallSensor                     0x08003d1d   Thumb Code    24  stm32f10x_tim.o(.text)
    TIM_SelectOnePulseMode                   0x08003d35   Thumb Code    18  stm32f10x_tim.o(.text)
    TIM_SelectOutputTrigger                  0x08003d47   Thumb Code    18  stm32f10x_tim.o(.text)
    TIM_SelectSlaveMode                      0x08003d59   Thumb Code    18  stm32f10x_tim.o(.text)
    TIM_SelectMasterSlaveMode                0x08003d6b   Thumb Code    18  stm32f10x_tim.o(.text)
    TIM_SetCounter                           0x08003d7d   Thumb Code     4  stm32f10x_tim.o(.text)
    TIM_SetAutoreload                        0x08003d81   Thumb Code     4  stm32f10x_tim.o(.text)
    TIM_SetCompare1                          0x08003d85   Thumb Code     4  stm32f10x_tim.o(.text)
    TIM_SetCompare2                          0x08003d89   Thumb Code     4  stm32f10x_tim.o(.text)
    TIM_SetCompare3                          0x08003d8d   Thumb Code     4  stm32f10x_tim.o(.text)
    TIM_SetCompare4                          0x08003d91   Thumb Code     6  stm32f10x_tim.o(.text)
    TIM_SetClockDivision                     0x08003d97   Thumb Code    18  stm32f10x_tim.o(.text)
    TIM_GetCapture1                          0x08003da9   Thumb Code     6  stm32f10x_tim.o(.text)
    TIM_GetCapture2                          0x08003daf   Thumb Code     6  stm32f10x_tim.o(.text)
    TIM_GetCapture3                          0x08003db5   Thumb Code     6  stm32f10x_tim.o(.text)
    TIM_GetCapture4                          0x08003dbb   Thumb Code     8  stm32f10x_tim.o(.text)
    TIM_GetCounter                           0x08003dc3   Thumb Code     6  stm32f10x_tim.o(.text)
    TIM_GetPrescaler                         0x08003dc9   Thumb Code     6  stm32f10x_tim.o(.text)
    TIM_GetFlagStatus                        0x08003dcf   Thumb Code    18  stm32f10x_tim.o(.text)
    TIM_ClearFlag                            0x08003de1   Thumb Code     6  stm32f10x_tim.o(.text)
    TIM_GetITStatus                          0x08003de7   Thumb Code    34  stm32f10x_tim.o(.text)
    TIM_ClearITPendingBit                    0x08003e09   Thumb Code     6  stm32f10x_tim.o(.text)
    ADC_DeInit                               0x08003e11   Thumb Code    78  stm32f10x_adc.o(.text)
    ADC_Init                                 0x08003e5f   Thumb Code    68  stm32f10x_adc.o(.text)
    ADC_StructInit                           0x08003ea3   Thumb Code    18  stm32f10x_adc.o(.text)
    ADC_Cmd                                  0x08003eb5   Thumb Code    22  stm32f10x_adc.o(.text)
    ADC_DMACmd                               0x08003ecb   Thumb Code    22  stm32f10x_adc.o(.text)
    ADC_ITConfig                             0x08003ee1   Thumb Code    24  stm32f10x_adc.o(.text)
    ADC_ResetCalibration                     0x08003ef9   Thumb Code    10  stm32f10x_adc.o(.text)
    ADC_GetResetCalibrationStatus            0x08003f03   Thumb Code    20  stm32f10x_adc.o(.text)
    ADC_StartCalibration                     0x08003f17   Thumb Code    10  stm32f10x_adc.o(.text)
    ADC_GetCalibrationStatus                 0x08003f21   Thumb Code    20  stm32f10x_adc.o(.text)
    ADC_SoftwareStartConvCmd                 0x08003f35   Thumb Code    22  stm32f10x_adc.o(.text)
    ADC_GetSoftwareStartConvStatus           0x08003f4b   Thumb Code    20  stm32f10x_adc.o(.text)
    ADC_DiscModeChannelCountConfig           0x08003f5f   Thumb Code    22  stm32f10x_adc.o(.text)
    ADC_DiscModeCmd                          0x08003f75   Thumb Code    22  stm32f10x_adc.o(.text)
    ADC_RegularChannelConfig                 0x08003f8b   Thumb Code   180  stm32f10x_adc.o(.text)
    ADC_ExternalTrigConvCmd                  0x0800403f   Thumb Code    22  stm32f10x_adc.o(.text)
    ADC_GetConversionValue                   0x08004055   Thumb Code     8  stm32f10x_adc.o(.text)
    ADC_GetDualModeConversionValue           0x0800405d   Thumb Code     6  stm32f10x_adc.o(.text)
    ADC_AutoInjectedConvCmd                  0x08004063   Thumb Code    22  stm32f10x_adc.o(.text)
    ADC_InjectedDiscModeCmd                  0x08004079   Thumb Code    22  stm32f10x_adc.o(.text)
    ADC_ExternalTrigInjectedConvConfig       0x0800408f   Thumb Code    14  stm32f10x_adc.o(.text)
    ADC_ExternalTrigInjectedConvCmd          0x0800409d   Thumb Code    22  stm32f10x_adc.o(.text)
    ADC_SoftwareStartInjectedConvCmd         0x080040b3   Thumb Code    22  stm32f10x_adc.o(.text)
    ADC_GetSoftwareStartInjectedConvCmdStatus 0x080040c9   Thumb Code    20  stm32f10x_adc.o(.text)
    ADC_InjectedChannelConfig                0x080040dd   Thumb Code   126  stm32f10x_adc.o(.text)
    ADC_InjectedSequencerLengthConfig        0x0800415b   Thumb Code    22  stm32f10x_adc.o(.text)
    ADC_SetInjectedOffset                    0x08004171   Thumb Code    14  stm32f10x_adc.o(.text)
    ADC_GetInjectedConversionValue           0x0800417f   Thumb Code    20  stm32f10x_adc.o(.text)
    ADC_AnalogWatchdogCmd                    0x08004193   Thumb Code    14  stm32f10x_adc.o(.text)
    ADC_AnalogWatchdogThresholdsConfig       0x080041a1   Thumb Code     6  stm32f10x_adc.o(.text)
    ADC_AnalogWatchdogSingleChannelConfig    0x080041a7   Thumb Code    14  stm32f10x_adc.o(.text)
    ADC_TempSensorVrefintCmd                 0x080041b5   Thumb Code    34  stm32f10x_adc.o(.text)
    ADC_GetFlagStatus                        0x080041d7   Thumb Code    18  stm32f10x_adc.o(.text)
    ADC_ClearFlag                            0x080041e9   Thumb Code     6  stm32f10x_adc.o(.text)
    ADC_GetITStatus                          0x080041ef   Thumb Code    74  stm32f10x_adc.o(.text)
    ADC_ClearITPendingBit                    0x08004239   Thumb Code    10  stm32f10x_adc.o(.text)
    DMA_DeInit                               0x08004245   Thumb Code   320  stm32f10x_dma.o(.text)
    DMA_Init                                 0x08004385   Thumb Code    60  stm32f10x_dma.o(.text)
    DMA_StructInit                           0x080043c1   Thumb Code    26  stm32f10x_dma.o(.text)
    DMA_Cmd                                  0x080043db   Thumb Code    24  stm32f10x_dma.o(.text)
    DMA_ITConfig                             0x080043f3   Thumb Code    18  stm32f10x_dma.o(.text)
    DMA_SetCurrDataCounter                   0x08004405   Thumb Code     4  stm32f10x_dma.o(.text)
    DMA_GetCurrDataCounter                   0x08004409   Thumb Code     8  stm32f10x_dma.o(.text)
    DMA_GetFlagStatus                        0x08004411   Thumb Code    34  stm32f10x_dma.o(.text)
    DMA_ClearFlag                            0x08004433   Thumb Code    18  stm32f10x_dma.o(.text)
    DMA_GetITStatus                          0x08004445   Thumb Code    34  stm32f10x_dma.o(.text)
    DMA_ClearITPendingBit                    0x08004467   Thumb Code    18  stm32f10x_dma.o(.text)
    SystemInit                               0x08004555   Thumb Code    78  system_stm32f10x.o(.text)
    SystemCoreClockUpdate                    0x080045a3   Thumb Code   142  system_stm32f10x.o(.text)
    __aeabi_fadd                             0x08004655   Thumb Code   164  fadd.o(.text)
    __aeabi_fsub                             0x080046f9   Thumb Code     6  fadd.o(.text)
    __aeabi_frsub                            0x080046ff   Thumb Code     6  fadd.o(.text)
    __aeabi_fdiv                             0x08004705   Thumb Code   128  fdiv.o(.text)
    __aeabi_dadd                             0x08004785   Thumb Code   338  dadd.o(.text)
    __aeabi_dsub                             0x080048d7   Thumb Code     6  dadd.o(.text)
    __aeabi_drsub                            0x080048dd   Thumb Code     6  dadd.o(.text)
    __aeabi_dmul                             0x080048e3   Thumb Code   240  dmul.o(.text)
    __aeabi_ddiv                             0x080049d3   Thumb Code   280  ddiv.o(.text)
    __aeabi_ui2f                             0x08004aeb   Thumb Code    10  ffltui.o(.text)
    __aeabi_ui2d                             0x08004af5   Thumb Code    26  dfltui.o(.text)
    __aeabi_f2d                              0x08004b0f   Thumb Code    36  f2d.o(.text)
    __aeabi_cdcmpeq                          0x08004b35   Thumb Code     0  cdcmple.o(.text)
    __aeabi_cdcmple                          0x08004b35   Thumb Code    74  cdcmple.o(.text)
    __aeabi_d2f                              0x08004b81   Thumb Code    64  d2f.o(.text)
    __aeabi_cfcmpeq                          0x08004bc1   Thumb Code     0  cfcmple.o(.text)
    __aeabi_cfcmple                          0x08004bc1   Thumb Code    20  cfcmple.o(.text)
    __aeabi_cfrcmple                         0x08004bd5   Thumb Code    20  cfrcmple.o(.text)
    __aeabi_llsl                             0x08004be9   Thumb Code    32  llshl.o(.text)
    _ll_shift_l                              0x08004be9   Thumb Code     0  llshl.o(.text)
    __aeabi_lasr                             0x08004c09   Thumb Code    34  llsshr.o(.text)
    _ll_sshift_r                             0x08004c09   Thumb Code     0  llsshr.o(.text)
    __I$use$fp                               0x08004c2b   Thumb Code     0  iusefp.o(.text)
    _float_round                             0x08004c2b   Thumb Code    18  fepilogue.o(.text)
    _float_epilogue                          0x08004c3d   Thumb Code    92  fepilogue.o(.text)
    _double_round                            0x08004c99   Thumb Code    50  depilogue.o(.text)
    _double_epilogue                         0x08004ccb   Thumb Code   184  depilogue.o(.text)
    __scatterload                            0x08004d85   Thumb Code    28  init.o(.text)
    __scatterload_rt2                        0x08004d85   Thumb Code     0  init.o(.text)
    __aeabi_llsr                             0x08004da9   Thumb Code    30  llushr.o(.text)
    _ll_ushift_r                             0x08004da9   Thumb Code     0  llushr.o(.text)
    __decompress                             0x08004dc7   Thumb Code     0  __dczerorl2.o(.text)
    __decompress1                            0x08004dc7   Thumb Code    94  __dczerorl2.o(.text)
    __scatterload_copy                       0x08004e25   Thumb Code    14  handlers.o(i.__scatterload_copy)
    __scatterload_null                       0x08004e33   Thumb Code     2  handlers.o(i.__scatterload_null)
    __scatterload_zeroinit                   0x08004e35   Thumb Code    14  handlers.o(i.__scatterload_zeroinit)
    Region$$Table$$Base                      0x08004e44   Number         0  anon$$obj.o(Region$$Table)
    Region$$Table$$Limit                     0x08004e64   Number         0  anon$$obj.o(Region$$Table)
    date                                     0x20000000   Data           3  main.o(.data)
    value                                    0x20000004   Data           4  main.o(.data)
    sum                                      0x20000008   Data           4  main.o(.data)
    ADC_ConvertedValueLocal                  0x2000000c   Data           4  main.o(.data)
    a                                        0x20000010   Data           4  systick.o(.data)
    i                                        0x20000018   Data           1  stm32f10x_it.o(.data)
    ADC_ConvertedValue                       0x2000001a   Data           2  adc.o(.data)
    PWM                                      0x2000001c   Data          96  gpio.o(.data)
    CPWM                                     0x2000007c   Data          96  gpio.o(.data)
    LPWM                                     0x200000dc   Data          96  gpio.o(.data)
    svalue                                   0x2000013c   Data          72  gpio.o(.data)
    fvalue                                   0x20000184   Data          72  gpio.o(.data)
    dvalue                                   0x200001cc   Data          72  gpio.o(.data)
    lvalue                                   0x20000214   Data          72  gpio.o(.data)
    rvalue                                   0x2000025c   Data          72  gpio.o(.data)
    xvalue                                   0x200002a4   Data          72  gpio.o(.data)
    yvalue                                   0x200002ec   Data          72  gpio.o(.data)
    num1                                     0x20000334   Data           1  gpio.o(.data)
    num2                                     0x20000335   Data           1  gpio.o(.data)
    num3                                     0x20000336   Data           1  gpio.o(.data)
    count1                                   0x20000337   Data           1  gpio.o(.data)
    count2                                   0x20000338   Data           1  gpio.o(.data)
    count3                                   0x20000339   Data           1  gpio.o(.data)
    sflag                                    0x2000033a   Data           1  gpio.o(.data)
    sflag1                                   0x2000033b   Data           1  gpio.o(.data)
    sflag2                                   0x2000033c   Data           1  gpio.o(.data)
    sflag3                                   0x2000033d   Data           1  gpio.o(.data)
    flag                                     0x2000033e   Data           1  gpio.o(.data)
    fflag                                    0x2000033f   Data           1  gpio.o(.data)
    dflag                                    0x20000340   Data           1  gpio.o(.data)
    lflag                                    0x20000341   Data           1  gpio.o(.data)
    rflag                                    0x20000342   Data           1  gpio.o(.data)
    xflag                                    0x20000343   Data           1  gpio.o(.data)
    yflag                                    0x20000344   Data           1  gpio.o(.data)
    distance_value                           0x20000348   Data           4  ultrasonic.o(.data)
    SystemCoreClock                          0x20000360   Data           4  system_stm32f10x.o(.data)
    AHBPrescTable                            0x20000364   Data          16  system_stm32f10x.o(.data)
    sdate                                    0x20000374   Data          96  gpio.o(.bss)
    __initial_sp                             0x200007d8   Data           0  startup_stm32f10x_hd.o(STACK)



==============================================================================

Memory Map of the image

  Image Entry point : 0x08000131

  Load Region LR_IROM1 (Base: 0x08000000, Size: 0x000051d8, Max: 0x00080000, ABSOLUTE, COMPRESSED[0x00004f48])

    Execution Region ER_IROM1 (Base: 0x08000000, Size: 0x00004e64, Max: 0x00080000, ABSOLUTE)

    Base Addr    Size         Type   Attr      Idx    E Section Name        Object

    0x08000000   0x00000130   Data   RO          244    RESET               startup_stm32f10x_hd.o
    0x08000130   0x00000000   Code   RO          364  * .ARM.Collect$$$$00000000  entry.o(mc_w.l)
    0x08000130   0x00000004   Code   RO          391    .ARM.Collect$$$$00000001  entry2.o(mc_w.l)
    0x08000134   0x00000004   Code   RO          394    .ARM.Collect$$$$00000004  entry5.o(mc_w.l)
    0x08000138   0x00000008   Code   RO          395    .ARM.Collect$$$$00000007  entry7.o(mc_w.l)
    0x08000140   0x00000004   Code   RO          392    .ARM.Collect$$$$00002712  entry2.o(mc_w.l)
    0x08000144   0x00000234   Code   RO            1    .text               main.o
    0x08000378   0x000002b4   Code   RO           79    .text               usart1.o
    0x0800062c   0x000000f4   Code   RO           98    .text               systick.o
    0x08000720   0x000000dc   Code   RO          151    .text               stm32f10x_it.o
    0x080007fc   0x00000248   Code   RO          180    .text               timer_count.o
    0x08000a44   0x00000118   Code   RO          192    .text               adc.o
    0x08000b5c   0x00001840   Code   RO          207    .text               gpio.o
    0x0800239c   0x0000010c   Code   RO          224    .text               ultrasonic.o
    0x080024a8   0x00000024   Code   RO          245    .text               startup_stm32f10x_hd.o
    0x080024cc   0x0000034c   Code   RO          250    .text               stm32f10x_gpio.o
    0x08002818   0x00000394   Code   RO          262    .text               stm32f10x_rcc.o
    0x08002bac   0x00000408   Code   RO          276    .text               stm32f10x_usart.o
    0x08002fb4   0x000000f8   Code   RO          288    .text               misc.o
    0x080030ac   0x00000d62   Code   RO          300    .text               stm32f10x_tim.o
    0x08003e0e   0x00000002   PAD
    0x08003e10   0x00000432   Code   RO          312    .text               stm32f10x_adc.o
    0x08004242   0x00000002   PAD
    0x08004244   0x00000248   Code   RO          324    .text               stm32f10x_dma.o
    0x0800448c   0x000001c8   Code   RO          346    .text               system_stm32f10x.o
    0x08004654   0x000000b0   Code   RO          367    .text               fadd.o(mf_w.l)
    0x08004704   0x00000080   Code   RO          369    .text               fdiv.o(mf_w.l)
    0x08004784   0x0000015e   Code   RO          371    .text               dadd.o(mf_w.l)
    0x080048e2   0x000000f0   Code   RO          373    .text               dmul.o(mf_w.l)
    0x080049d2   0x00000118   Code   RO          375    .text               ddiv.o(mf_w.l)
    0x08004aea   0x0000000a   Code   RO          377    .text               ffltui.o(mf_w.l)
    0x08004af4   0x0000001a   Code   RO          379    .text               dfltui.o(mf_w.l)
    0x08004b0e   0x00000024   Code   RO          381    .text               f2d.o(mf_w.l)
    0x08004b32   0x00000002   PAD
    0x08004b34   0x0000004c   Code   RO          383    .text               cdcmple.o(mf_w.l)
    0x08004b80   0x00000040   Code   RO          385    .text               d2f.o(mf_w.l)
    0x08004bc0   0x00000014   Code   RO          387    .text               cfcmple.o(mf_w.l)
    0x08004bd4   0x00000014   Code   RO          389    .text               cfrcmple.o(mf_w.l)
    0x08004be8   0x00000020   Code   RO          396    .text               llshl.o(mc_w.l)
    0x08004c08   0x00000022   Code   RO          398    .text               llsshr.o(mc_w.l)
    0x08004c2a   0x00000000   Code   RO          400    .text               iusefp.o(mc_w.l)
    0x08004c2a   0x0000006e   Code   RO          401    .text               fepilogue.o(mf_w.l)
    0x08004c98   0x000000ea   Code   RO          403    .text               depilogue.o(mf_w.l)
    0x08004d82   0x00000002   PAD
    0x08004d84   0x00000024   Code   RO          405    .text               init.o(mc_w.l)
    0x08004da8   0x0000001e   Code   RO          407    .text               llushr.o(mc_w.l)
    0x08004dc6   0x0000005e   Code   RO          417    .text               __dczerorl2.o(mc_w.l)
    0x08004e24   0x0000000e   Code   RO          411    i.__scatterload_copy  handlers.o(mc_w.l)
    0x08004e32   0x00000002   Code   RO          412    i.__scatterload_null  handlers.o(mc_w.l)
    0x08004e34   0x0000000e   Code   RO          413    i.__scatterload_zeroinit  handlers.o(mc_w.l)
    0x08004e42   0x00000002   PAD
    0x08004e44   0x00000020   Data   RO          409    Region$$Table       anon$$obj.o


    Execution Region RW_IRAM1 (Base: 0x20000000, Size: 0x000007d8, Max: 0x00010000, ABSOLUTE, COMPRESSED[0x000000e4])

    Base Addr    Size         Type   Attr      Idx    E Section Name        Object

    0x20000000   0x00000010   Data   RW            2    .data               main.o
    0x20000010   0x00000008   Data   RW           99    .data               systick.o
    0x20000018   0x00000001   Data   RW          152    .data               stm32f10x_it.o
    0x20000019   0x00000001   PAD
    0x2000001a   0x00000002   Data   RW          193    .data               adc.o
    0x2000001c   0x00000329   Data   RW          209    .data               gpio.o
    0x20000345   0x00000003   PAD
    0x20000348   0x00000004   Data   RW          225    .data               ultrasonic.o
    0x2000034c   0x00000014   Data   RW          263    .data               stm32f10x_rcc.o
    0x20000360   0x00000014   Data   RW          347    .data               system_stm32f10x.o
    0x20000374   0x00000060   Zero   RW          208    .bss                gpio.o
    0x200003d4   0x00000004   PAD
    0x200003d8   0x00000400   Zero   RW          242    STACK               startup_stm32f10x_hd.o


==============================================================================

Image component sizes


      Code (inc. data)   RO Data    RW Data    ZI Data      Debug   Object Name

       280         16          0          2          0       1049   adc.o
      6208        344          0        809         96       9185   gpio.o
       564         62          0         16          0     244025   main.o
       248         30          0          0          0       1697   misc.o
        36          8        304          0       1024        508   startup_stm32f10x_hd.o
      1074         38          0          0          0      10773   stm32f10x_adc.o
       584         20          0          0          0       4258   stm32f10x_dma.o
       844         40          0          0          0       5585   stm32f10x_gpio.o
       220         28          0          1          0       2096   stm32f10x_it.o
       916         48          0         20          0       8672   stm32f10x_rcc.o
      3426         84          0          0          0      22288   stm32f10x_tim.o
      1032         20          0          0          0       8328   stm32f10x_usart.o
       456         36          0         20          0       1715   system_stm32f10x.o
       244         22          0          8          0     283338   systick.o
       584         14          0          0          0       2180   timer_count.o
       268         34          0          4          0       1006   ultrasonic.o
       692         16          0          0          0       4149   usart1.o

    ----------------------------------------------------------------------
     17680        860        336        884       1124     610852   Object Totals
         0          0         32          0          0          0   (incl. Generated)
         4          0          0          4          4          0   (incl. Padding)

    ----------------------------------------------------------------------

      Code (inc. data)   RO Data    RW Data    ZI Data      Debug   Library Member Name

        94          0          0          0          0          0   __dczerorl2.o
        76          2          0          0          0         68   cdcmple.o
        20          0          0          0          0         68   cfcmple.o
        20          0          0          0          0         68   cfrcmple.o
        64          0          0          0          0         96   d2f.o
       350          0          0          0          0        148   dadd.o
       280          0          0          0          0        124   ddiv.o
       234          0          0          0          0        128   depilogue.o
        26          0          0          0          0         76   dfltui.o
       240          0          0          0          0         96   dmul.o
         0          0          0          0          0          0   entry.o
         8          4          0          0          0          0   entry2.o
         4          0          0          0          0          0   entry5.o
         8          4          0          0          0          0   entry7.o
        36          0          0          0          0         68   f2d.o
       176          0          0          0          0        136   fadd.o
       128          0          0          0          0         88   fdiv.o
       110          0          0          0          0        164   fepilogue.o
        10          0          0          0          0         68   ffltui.o
        30          0          0          0          0          0   handlers.o
        36          8          0          0          0         68   init.o
         0          0          0          0          0          0   iusefp.o
        32          0          0          0          0         68   llshl.o
        34          0          0          0          0         68   llsshr.o
        30          0          0          0          0         68   llushr.o

    ----------------------------------------------------------------------
      2052         18          0          0          0       1668   Library Totals
         6          0          0          0          0          0   (incl. Padding)

    ----------------------------------------------------------------------

      Code (inc. data)   RO Data    RW Data    ZI Data      Debug   Library Name

       276         16          0          0          0        272   mc_w.l
      1770          2          0          0          0       1396   mf_w.l

    ----------------------------------------------------------------------
      2052         18          0          0          0       1668   Library Totals

    ----------------------------------------------------------------------

==============================================================================


      Code (inc. data)   RO Data    RW Data    ZI Data      Debug   

     19732        878        336        884       1124     610120   Grand Totals
     19732        878        336        228       1124     610120   ELF Image Totals (compressed)
     19732        878        336        228          0          0   ROM Totals

==============================================================================

    Total RO  Size (Code + RO Data)                20068 (  19.60kB)
    Total RW  Size (RW Data + ZI Data)              2008 (   1.96kB)
    Total ROM Size (Code + RO Data + RW Data)      20296 (  19.82kB)

==============================================================================

